// Jest Snapshot v1, https://goo.gl/fbAQLP

exports[`NavigationHeader should render without crashing 1`] = `
<DocumentFragment>
  <div
    class="root "
  />
</DocumentFragment>
`;
